// Vitest Snapshot v1, https://vitest.dev/guide/snapshot.html

exports[`buildReport > fixed fixture snapshot 1`] = `
{
  "behaviour": {
    "monthsAnalysed": 1,
    "patterns": [],
    "personality": null,
  },
  "budgetIsEstimate": false,
  "budgetUsedPct": 91,
  "budgetVarianceCents": -50000,
  "budgetedActualCents": 500000,
  "comparison": null,
  "consumptionCents": 500000,
  "dataQuality": {
    "otherIncomeSharePct": 0,
    "unclassifiedExpenseSharePct": 0,
    "unlabelledCount": 0,
  },
  "dayToDayBudgetedCents": 550000,
  "displayName": "Snapshot User",
  "expenseCategories": [
    {
      "actualCents": 320000,
      "budgetedCents": 400000,
      "categoryId": "food",
      "categoryName": "Food & Groceries",
      "color": "#007A4D",
      "group": "needs",
      "hasBudget": true,
      "isSavingsVehicle": false,
      "overBudget": false,
      "sharePct": 42.7,
      "varianceCents": -80000,
      "variancePct": 80,
    },
    {
      "actualCents": 250000,
      "budgetedCents": 300000,
      "categoryId": "savings",
      "categoryName": "Savings",
      "color": "#00BFA5",
      "group": "goals",
      "hasBudget": true,
      "isSavingsVehicle": true,
      "overBudget": false,
      "sharePct": 33.3,
      "varianceCents": -50000,
      "variancePct": 83,
    },
    {
      "actualCents": 180000,
      "budgetedCents": 150000,
      "categoryId": "transport",
      "categoryName": "Transport",
      "color": "#FFB612",
      "group": "needs",
      "hasBudget": true,
      "isSavingsVehicle": false,
      "overBudget": true,
      "sharePct": 24,
      "varianceCents": 30000,
      "variancePct": 120,
    },
  ],
  "generatedAt": Any<String>,
  "groupTotals": {
    "business": 0,
    "goals": 250000,
    "needs": 500000,
    "unclassified": 0,
    "wants": 0,
  },
  "incomeCategories": [
    {
      "actualCents": 2500000,
      "categoryId": "salary",
      "categoryName": "Salary / Wages",
      "sharePct": 100,
    },
  ],
  "insights": {
    "actions": [
      {
        "detail": "Moving money to savings first - before spending - is the habit that makes the rate stick. Your R17 500 surplus already covers it - it just needs a job.",
        "id": "payday-setaside",
        "impact": "~ R1 250/month lifts your rate from 10% to ~15% - about R15 000 extra set aside over 12 months",
        "isTopPriority": true,
        "lesson": {
          "courseId": "emergency-fund",
          "lessonId": "lesson-1",
          "title": "How Much Do You Need?",
        },
        "title": "Set aside a fixed amount on payday",
      },
      {
        "detail": "Food & Groceries is your biggest flexible spending category at R3 200 (42.7% of spending). One change here beats ten small ones elsewhere.",
        "id": "trim-food",
        "impact": "~ R320/month freed - enough to reach a ~11% set-aside rate",
        "lesson": {
          "courseId": "money-basics",
          "lessonId": "lesson-2",
          "title": "Needs vs Wants",
        },
        "title": "Trim Food & Groceries by 10%",
      },
    ],
    "benchmarks": [
      {
        "label": "Set-aside (savings) rate",
        "target": "20%+ of income",
        "tone": "warn",
        "value": "10%",
      },
      {
        "label": "Debt repayments",
        "target": "below 35%",
        "tone": "good",
        "value": "0% of income",
      },
      {
        "label": "Needs (essentials)",
        "target": "~50% guideline",
        "tone": "warn",
        "value": "67% of spending",
      },
      {
        "label": "Wants (lifestyle)",
        "target": "~30% guideline",
        "tone": "good",
        "value": "0% of spending",
      },
      {
        "label": "Budget used (like-for-like)",
        "target": "100% or less",
        "tone": "good",
        "value": "91%",
      },
    ],
    "coachParagraphs": [
      "Over 1–30 June 2026 you earned R25 000, spent R5 000 on day-to-day living and set aside R2 500 (10% of income) into savings vehicles like a stokvel or savings account - leaving you R17 500 ahead.",
      "Your biggest day-to-day category was Food & Groceries at R3 200 (42.7% of all spending).",
    ],
    "dataQualityAlert": null,
    "healthBand": "Strong",
    "healthCapNote": null,
    "healthComponents": [
      {
        "label": "Cash flow",
        "max": 25,
        "note": "Ended R17 500 ahead",
        "score": 25,
        "tone": "good",
      },
      {
        "label": "Savings habit",
        "max": 25,
        "note": "10% of income set aside (guideline: 20%)",
        "score": 14,
        "tone": "warn",
      },
      {
        "label": "Debt load",
        "max": 20,
        "note": "No debt repayments recorded",
        "score": 20,
        "tone": "good",
      },
      {
        "label": "Budget coverage",
        "max": 15,
        "note": "91% of budget used · budgets cover 100% of day-to-day spend",
        "score": 15,
        "tone": "good",
      },
      {
        "label": "Data quality",
        "max": 15,
        "note": "0% of spending is unclassified",
        "score": 15,
        "tone": "good",
      },
    ],
    "healthScore": 89,
    "healthScoreRaw": 89,
    "highlights": [
      {
        "text": "You ended the period R17 500 ahead.",
        "tone": "good",
      },
      {
        "text": "You set aside 10% of income (R2 500); the common guideline is 20%.",
        "tone": "warn",
      },
      {
        "text": "Food & Groceries came in R800 under budget - well controlled.",
        "tone": "good",
      },
    ],
    "risks": [
      "Transport: R300 over budget (120% used).",
      "100% of income comes from one source (Salary / Wages).",
    ],
    "verdict": "A strong period - you finished R17 500 ahead and set aside 10% of income.",
    "wins": [
      "Food & Groceries: R800 under budget (80% used).",
    ],
  },
  "largestTransactions": [
    {
      "category": "food",
      "categoryName": "Food & Groceries",
      "cents": 320000,
      "date": "2026-06-05",
      "description": "Groceries",
      "id": "2",
    },
    {
      "category": "savings",
      "categoryName": "Savings",
      "cents": 250000,
      "date": "2026-06-10",
      "description": "Transfer",
      "id": "4",
    },
    {
      "category": "transport",
      "categoryName": "Transport",
      "cents": 180000,
      "date": "2026-06-08",
      "description": "Uber",
      "id": "3",
    },
  ],
  "monthlySpend": [
    {
      "consumptionCents": 500000,
      "daysCovered": 30,
      "daysInMonth": 30,
      "expenseCents": 750000,
      "incomeCents": 2500000,
      "isPartial": false,
      "label": "Jun",
      "monthYear": "2026-06",
      "netCents": 1750000,
      "setAsideCents": 250000,
    },
  ],
  "netCents": 1750000,
  "periodEnd": "2026-06-30",
  "periodStart": "2026-06-01",
  "projection": {
    "annualisedExpenseCents": 9000000,
    "avgMonthlyExpenseCents": 750000,
    "monthsUsed": 1,
  },
  "recurringCommitments": [],
  "savingsRatePct": 10,
  "setAsideCents": 250000,
  "setAsidePlannedCents": 300000,
  "topMerchants": [
    {
      "count": 1,
      "description": "Groceries",
      "totalCents": 320000,
    },
    {
      "count": 1,
      "description": "Transfer",
      "totalCents": 250000,
    },
    {
      "count": 1,
      "description": "Uber",
      "totalCents": 180000,
    },
  ],
  "topOverBudget": [
    {
      "actualCents": 180000,
      "budgetedCents": 150000,
      "categoryId": "transport",
      "categoryName": "Transport",
      "color": "#FFB612",
      "group": "needs",
      "hasBudget": true,
      "isSavingsVehicle": false,
      "overBudget": true,
      "sharePct": 24,
      "varianceCents": 30000,
      "variancePct": 120,
    },
  ],
  "topUnderBudget": [
    {
      "actualCents": 320000,
      "budgetedCents": 400000,
      "categoryId": "food",
      "categoryName": "Food & Groceries",
      "color": "#007A4D",
      "group": "needs",
      "hasBudget": true,
      "isSavingsVehicle": false,
      "overBudget": false,
      "sharePct": 42.7,
      "varianceCents": -80000,
      "variancePct": 80,
    },
  ],
  "totalBudgetedExpenseCents": 850000,
  "totalExpenseCents": 750000,
  "totalIncomeCents": 2500000,
  "unbudgetedActualCents": 0,
}
`;
