// Vitest Snapshot v1, https://vitest.dev/guide/snapshot.html

exports[`buildReport > fixed fixture snapshot 1`] = `
{
  "budgetIsEstimate": false,
  "budgetUsedPct": 88,
  "budgetVarianceCents": -100000,
  "displayName": "Snapshot User",
  "expenseCategories": [
    {
      "actualCents": 320000,
      "budgetedCents": 400000,
      "categoryId": "food",
      "categoryName": "Food & Groceries",
      "color": "#007A4D",
      "overBudget": false,
      "sharePct": 42.7,
      "varianceCents": -80000,
      "variancePct": 80,
    },
    {
      "actualCents": 250000,
      "budgetedCents": 300000,
      "categoryId": "savings",
      "categoryName": "Savings",
      "color": "#00BFA5",
      "overBudget": false,
      "sharePct": 33.3,
      "varianceCents": -50000,
      "variancePct": 83,
    },
    {
      "actualCents": 180000,
      "budgetedCents": 150000,
      "categoryId": "transport",
      "categoryName": "Transport",
      "color": "#FFB612",
      "overBudget": true,
      "sharePct": 24,
      "varianceCents": 30000,
      "variancePct": 120,
    },
  ],
  "generatedAt": Any<String>,
  "incomeCategories": [
    {
      "actualCents": 2500000,
      "categoryId": "salary",
      "categoryName": "Salary / Wages",
      "sharePct": 100,
    },
  ],
  "largestTransactions": [
    {
      "category": "food",
      "categoryName": "Food & Groceries",
      "cents": 320000,
      "date": "2026-06-05",
      "description": "Groceries",
      "id": "2",
    },
    {
      "category": "savings",
      "categoryName": "Savings",
      "cents": 250000,
      "date": "2026-06-10",
      "description": "Transfer",
      "id": "4",
    },
    {
      "category": "transport",
      "categoryName": "Transport",
      "cents": 180000,
      "date": "2026-06-08",
      "description": "Uber",
      "id": "3",
    },
  ],
  "monthlySpend": [
    {
      "expenseCents": 750000,
      "incomeCents": 2500000,
      "label": "Jun",
      "monthYear": "2026-06",
    },
  ],
  "netCents": 1750000,
  "periodEnd": "2026-06-30",
  "periodStart": "2026-06-01",
  "savingsRatePct": 10,
  "topMerchants": [
    {
      "description": "groceries",
      "totalCents": 320000,
    },
    {
      "description": "transfer",
      "totalCents": 250000,
    },
    {
      "description": "uber",
      "totalCents": 180000,
    },
  ],
  "topOverBudget": [
    {
      "actualCents": 180000,
      "budgetedCents": 150000,
      "categoryId": "transport",
      "categoryName": "Transport",
      "color": "#FFB612",
      "overBudget": true,
      "sharePct": 24,
      "varianceCents": 30000,
      "variancePct": 120,
    },
  ],
  "topUnderBudget": [
    {
      "actualCents": 320000,
      "budgetedCents": 400000,
      "categoryId": "food",
      "categoryName": "Food & Groceries",
      "color": "#007A4D",
      "overBudget": false,
      "sharePct": 42.7,
      "varianceCents": -80000,
      "variancePct": 80,
    },
    {
      "actualCents": 250000,
      "budgetedCents": 300000,
      "categoryId": "savings",
      "categoryName": "Savings",
      "color": "#00BFA5",
      "overBudget": false,
      "sharePct": 33.3,
      "varianceCents": -50000,
      "variancePct": 83,
    },
  ],
  "totalBudgetedExpenseCents": 850000,
  "totalExpenseCents": 750000,
  "totalIncomeCents": 2500000,
}
`;
